// Jest Snapshot v1, https://goo.gl/fbAQLP

exports[`Tags component should call onTagClick on click 1`] = `
Array [
  Array [
    "tag01",
  ],
]
`;
